 1146 32 52 32 15543 5769
 2201 5907 550

 32
 14139
 14141
 9
 10
 263
 120038
 120037
 14088 1460
 35088 1460
 14088 3854
 35088 3854
 35088 3854 33
 14088 44 1460 33
 35088 44 1460 33
 565 735 32 3518 166 153 46 2252
 119 48 52 56 32 55 59759 72635 113510 6447 40531
 15949 16534 955 31989 67002 43707 2850 41574 1730 40602
 18441 128 78498 147 42918 139 18441 143 42918 130 18441 150 18441 183 18441 159 42918 129 18441 159 18441 162 78498 133 18441 129 18441 155 18441 133 42918 129 18441 137
 81268 766 2880 41 58965 182 4717 42461 171 13930 766 39257 93186 80927 41 101073 766 927 68158 327 919 3327 3953 14063 41
 14088
 35088
 32 35088
 14139 35088
 14141 35088
 14141 35088 10 14141 35088
 766
 10 576
 39 22603
 14088 44 14791 39 344 33 742 568 453 58965 129 120018 17140 43154 9131 28515 54918 49 51 49 52 49 53 49 33611 95672
 20271 7148
 51
 51 51
 51 51 51
 51 51 51 51
 51 51 51 51 51
 51 51 51 51 51 51
 51 51 51 51 51 51 51
 51 51 51 51 51 51 51 51
 51 51 51 51 51 51 51 51 51
 67 78377 97 72171 37467 116
 17396 115
 10 120014 126390 32 120117 120497 120037 14147 14141 47894 121034 81268 766 2880 41 58965 182 4717 42461 171 13930 766 39257 93186 80927 41 101073 32 3518 166 153 3518 166 153 32 51 32 51 51 32 51 51 51 32 51 51 51 51 32 51 51 51 51 51 32 51 51 51 51 51 51 32 51 51 51 51 51 51 51 32 51 51 51 51 51 51 51 51 32 51 46 51 32 51 120000 51 32 51 120007 51 32 18441 128 78498 147 42918 139 18441 143 42918 130 18441 150 18441 183 18441 159 42918 129 18441 159 18441 162 78498 133 19023 129 120018 17140 43154 9131 28515 54918 49 51 49 52 49 53 49 33611 95672 123741 43798 45194 16534 955 31989 67002 43707 2850 41574 1730 40602 46018 62102 2884 2884 2886 16504 16504 120751 20271 7148 103841 103784 669 3680 1836 4075 75125 1204 589 1744 44 4075 1318 453 6444 63 4075 77 502 6444 669 3597 825 3326 44 4075 68 453 1093 938 28735 63 1194 39 60923 941 124629 76
